// Jest Snapshot v1, https://goo.gl/fbAQLP

exports[`client certificates throw error when constructor is initialised with incorrect channel credentials combinations connection string with userCertFile only 1`] = `[Error: userCertFile must be given with accompanying userKeyFile]`;

exports[`client certificates throw error when constructor is initialised with incorrect channel credentials combinations connection string with userKeyFile only 1`] = `[Error: userCertFile must be given with accompanying userKeyFile]`;

exports[`client certificates throw error when constructor is initialised with incorrect channel credentials combinations constructor initialised with userCertFile only 1`] = `[Error: Certificate chain must be given with accompanying private key]`;

exports[`client certificates throw error when constructor is initialised with incorrect channel credentials combinations constructor initialised with userKeyFile only 1`] = `[Error: Private key must be given with accompanying certificate chain]`;
